// Jest Snapshot v1, https://goo.gl/fbAQLP

exports[`Footer component should not crash 1`] = `"{}"`;
